
C:\Users\Lenovo>cd C:\Users\Lenovo\Desktop\git

C:\Users\Lenovo\Desktop\git>git init
Initialized empty Git repository in C:/Users/Lenovo/Desktop/git/.git/

C:\Users\Lenovo\Desktop\git>git add "IMDB Case Study Python3.ipynb"
warning: in the working copy of 'IMDB Case Study Python3.ipynb', LF will be replaced by CRLF the next time Git touches it

C:\Users\Lenovo\Desktop\git>ls
'ls' is not recognized as an internal or external command,
operable program or batch file.

C:\Users\Lenovo\Desktop\git>git status
On branch master

No commits yet

Changes to be committed:
  (use "git rm --cached <file>..." to unstage)
        new file:   IMDB Case Study Python3.ipynb


C:\Users\Lenovo\Desktop\git>git commit -m "this is my first commit"
Author identity unknown

*** Please tell me who you are.

Run

  git config --global user.email "you@example.com"
  git config --global user.name "Your Name"

to set your account's default identity.
Omit --global to set the identity only in this repository.

fatal: unable to auto-detect email address (got 'Lenovo@DESKTOP-37I4NU1.(none)')

C:\Users\Lenovo\Desktop\git>git branch

C:\Users\Lenovo\Desktop\git>git commit -m "this is my first commit"
Author identity unknown

*** Please tell me who you are.

Run

  git config --global user.email "you@example.com"
  git config --global user.name "Your Name"

to set your account's default identity.
Omit --global to set the identity only in this repository.

fatal: unable to auto-detect email address (got 'Lenovo@DESKTOP-37I4NU1.(none)')

C:\Users\Lenovo\Desktop\git>git config --global user.name "mayank"

C:\Users\Lenovo\Desktop\git>git commit -m "this is my first commit"
Author identity unknown

*** Please tell me who you are.

Run

  git config --global user.email "you@example.com"
  git config --global user.name "Your Name"

to set your account's default identity.
Omit --global to set the identity only in this repository.

fatal: unable to auto-detect email address (got 'Lenovo@DESKTOP-37I4NU1.(none)')

C:\Users\Lenovo\Desktop\git>git config user.name "mayank"

C:\Users\Lenovo\Desktop\git>git config user.email "mayank.chitranshu@gmail.com"

C:\Users\Lenovo\Desktop\git>git add *

C:\Users\Lenovo\Desktop\git>git commit -m "this is my first commit"
[master (root-commit) 3a8a236] this is my first commit
 1 file changed, 443 insertions(+)
 create mode 100644 IMDB Case Study Python3.ipynb

C:\Users\Lenovo\Desktop\git>git branch -M main

C:\Users\Lenovo\Desktop\git>git branch
* main

C:\Users\Lenovo\Desktop\git>git remote add origin https://github.com/mayankchitranshu/practiceML.git

C:\Users\Lenovo\Desktop\git>git remote -v
origin  https://github.com/mayankchitranshu/practiceML.git (fetch)
origin  https://github.com/mayankchitranshu/practiceML.git (push)

C:\Users\Lenovo\Desktop\git>git push origin main
info: please complete authentication in your browser...
Enumerating objects: 3, done.
Counting objects: 100% (3/3), done.
Delta compression using up to 8 threads
Compressing objects: 100% (3/3), done.
Writing objects: 100% (3/3), 2.00 KiB | 2.00 MiB/s, done.
Total 3 (delta 0), reused 0 (delta 0), pack-reused 0
To https://github.com/mayankchitranshu/practiceML.git
 * [new branch]      main -> main

C:\Users\Lenovo\Desktop\git>git status
On branch main
Untracked files:
  (use "git add <file>..." to include in what will be committed)
        practice1.ipynb

nothing added to commit but untracked files present (use "git add" to track)

C:\Users\Lenovo\Desktop\git>git add "practice1.ipynb"
warning: in the working copy of 'practice1.ipynb', LF will be replaced by CRLF the next time Git touches it

C:\Users\Lenovo\Desktop\git>git status
On branch main
Changes to be committed:
  (use "git restore --staged <file>..." to unstage)
        new file:   practice1.ipynb


C:\Users\Lenovo\Desktop\git>git commit -m "second commit"
[main 43ea5b6] second commit
 1 file changed, 90 insertions(+)
 create mode 100644 practice1.ipynb

C:\Users\Lenovo\Desktop\git>git status
On branch main
nothing to commit, working tree clean

C:\Users\Lenovo\Desktop\git>git push origin main
Enumerating objects: 4, done.
Counting objects: 100% (4/4), done.
Delta compression using up to 8 threads
Compressing objects: 100% (3/3), done.
Writing objects: 100% (3/3), 750 bytes | 750.00 KiB/s, done.
Total 3 (delta 0), reused 0 (delta 0), pack-reused 0
To https://github.com/mayankchitranshu/practiceML.git
   3a8a236..43ea5b6  main -> main

C:\Users\Lenovo\Desktop\git>